Analysis & Synthesis report for dct8puntos
Sun Nov 12 14:55:30 2017
Quartus Prime Version 17.0.0 Build 595 04/25/2017 SJ Lite Edition


---------------------
; Table of Contents ;
---------------------
  1. Legal Notice
  2. Analysis & Synthesis Summary
  3. Analysis & Synthesis Settings
  4. Parallel Compilation
  5. Analysis & Synthesis Source Files Read
  6. Analysis & Synthesis Resource Usage Summary
  7. Analysis & Synthesis Resource Utilization by Entity
  8. Registers Removed During Synthesis
  9. General Register Statistics
 10. Multiplexer Restructuring Statistics (Restructuring Performed)
 11. Parameter Settings for User Entity Instance: Top-level Entity: |dct8puntos
 12. Parameter Settings for User Entity Instance: bloque:dct4puntos_1
 13. Parameter Settings for User Entity Instance: shift_add8:shift_add8_1
 14. Port Connectivity Checks: "bloque:dct4puntos_1"
 15. Post-Synthesis Netlist Statistics for Top Partition
 16. Elapsed Time Per Partition
 17. Analysis & Synthesis Messages



----------------
; Legal Notice ;
----------------
Copyright (C) 2017  Intel Corporation. All rights reserved.
Your use of Intel Corporation's design tools, logic functions 
and other software and tools, and its AMPP partner logic 
functions, and any output files from any of the foregoing 
(including device programming or simulation files), and any 
associated documentation or information are expressly subject 
to the terms and conditions of the Intel Program License 
Subscription Agreement, the Intel Quartus Prime License Agreement,
the Intel MegaCore Function License Agreement, or other 
applicable license agreement, including, without limitation, 
that your use is for the sole purpose of programming logic 
devices manufactured by Intel and sold by Intel or its 
authorized distributors.  Please refer to the applicable 
agreement for further details.



+-------------------------------------------------------------------------------+
; Analysis & Synthesis Summary                                                  ;
+---------------------------------+---------------------------------------------+
; Analysis & Synthesis Status     ; Successful - Sun Nov 12 14:55:30 2017       ;
; Quartus Prime Version           ; 17.0.0 Build 595 04/25/2017 SJ Lite Edition ;
; Revision Name                   ; dct8puntos                                  ;
; Top-level Entity Name           ; dct8puntos                                  ;
; Family                          ; Cyclone V                                   ;
; Logic utilization (in ALMs)     ; N/A                                         ;
; Total registers                 ; 333                                         ;
; Total pins                      ; 227                                         ;
; Total virtual pins              ; 0                                           ;
; Total block memory bits         ; 0                                           ;
; Total DSP Blocks                ; 0                                           ;
; Total HSSI RX PCSs              ; 0                                           ;
; Total HSSI PMA RX Deserializers ; 0                                           ;
; Total HSSI TX PCSs              ; 0                                           ;
; Total HSSI PMA TX Serializers   ; 0                                           ;
; Total PLLs                      ; 0                                           ;
; Total DLLs                      ; 0                                           ;
+---------------------------------+---------------------------------------------+


+---------------------------------------------------------------------------------------------------------------------------+
; Analysis & Synthesis Settings                                                                                             ;
+---------------------------------------------------------------------------------+--------------------+--------------------+
; Option                                                                          ; Setting            ; Default Value      ;
+---------------------------------------------------------------------------------+--------------------+--------------------+
; Device                                                                          ; 5CGXFC7C7F23C8     ;                    ;
; Top-level entity name                                                           ; dct8puntos         ; dct8puntos         ;
; Family name                                                                     ; Cyclone V          ; Cyclone V          ;
; Use smart compilation                                                           ; Off                ; Off                ;
; Enable parallel Assembler and TimeQuest Timing Analyzer during compilation      ; On                 ; On                 ;
; Enable compact report table                                                     ; Off                ; Off                ;
; Restructure Multiplexers                                                        ; Auto               ; Auto               ;
; MLAB Add Timing Constraints For Mixed-Port Feed-Through Mode Setting Don't Care ; Off                ; Off                ;
; Create Debugging Nodes for IP Cores                                             ; Off                ; Off                ;
; Preserve fewer node names                                                       ; On                 ; On                 ;
; OpenCore Plus hardware evaluation                                               ; Enable             ; Enable             ;
; Verilog Version                                                                 ; Verilog_2001       ; Verilog_2001       ;
; VHDL Version                                                                    ; VHDL_1993          ; VHDL_1993          ;
; State Machine Processing                                                        ; Auto               ; Auto               ;
; Safe State Machine                                                              ; Off                ; Off                ;
; Extract Verilog State Machines                                                  ; On                 ; On                 ;
; Extract VHDL State Machines                                                     ; On                 ; On                 ;
; Ignore Verilog initial constructs                                               ; Off                ; Off                ;
; Iteration limit for constant Verilog loops                                      ; 5000               ; 5000               ;
; Iteration limit for non-constant Verilog loops                                  ; 250                ; 250                ;
; Add Pass-Through Logic to Inferred RAMs                                         ; On                 ; On                 ;
; Infer RAMs from Raw Logic                                                       ; On                 ; On                 ;
; Parallel Synthesis                                                              ; On                 ; On                 ;
; DSP Block Balancing                                                             ; Auto               ; Auto               ;
; NOT Gate Push-Back                                                              ; On                 ; On                 ;
; Power-Up Don't Care                                                             ; On                 ; On                 ;
; Remove Redundant Logic Cells                                                    ; Off                ; Off                ;
; Remove Duplicate Registers                                                      ; On                 ; On                 ;
; Ignore CARRY Buffers                                                            ; Off                ; Off                ;
; Ignore CASCADE Buffers                                                          ; Off                ; Off                ;
; Ignore GLOBAL Buffers                                                           ; Off                ; Off                ;
; Ignore ROW GLOBAL Buffers                                                       ; Off                ; Off                ;
; Ignore LCELL Buffers                                                            ; Off                ; Off                ;
; Ignore SOFT Buffers                                                             ; On                 ; On                 ;
; Limit AHDL Integers to 32 Bits                                                  ; Off                ; Off                ;
; Optimization Technique                                                          ; Balanced           ; Balanced           ;
; Carry Chain Length                                                              ; 70                 ; 70                 ;
; Auto Carry Chains                                                               ; On                 ; On                 ;
; Auto Open-Drain Pins                                                            ; On                 ; On                 ;
; Perform WYSIWYG Primitive Resynthesis                                           ; Off                ; Off                ;
; Auto ROM Replacement                                                            ; On                 ; On                 ;
; Auto RAM Replacement                                                            ; On                 ; On                 ;
; Auto DSP Block Replacement                                                      ; On                 ; On                 ;
; Auto Shift Register Replacement                                                 ; Auto               ; Auto               ;
; Allow Shift Register Merging across Hierarchies                                 ; Auto               ; Auto               ;
; Auto Clock Enable Replacement                                                   ; On                 ; On                 ;
; Strict RAM Replacement                                                          ; Off                ; Off                ;
; Allow Synchronous Control Signals                                               ; On                 ; On                 ;
; Force Use of Synchronous Clear Signals                                          ; Off                ; Off                ;
; Auto Resource Sharing                                                           ; Off                ; Off                ;
; Allow Any RAM Size For Recognition                                              ; Off                ; Off                ;
; Allow Any ROM Size For Recognition                                              ; Off                ; Off                ;
; Allow Any Shift Register Size For Recognition                                   ; Off                ; Off                ;
; Use LogicLock Constraints during Resource Balancing                             ; On                 ; On                 ;
; Ignore translate_off and synthesis_off directives                               ; Off                ; Off                ;
; Timing-Driven Synthesis                                                         ; On                 ; On                 ;
; Report Parameter Settings                                                       ; On                 ; On                 ;
; Report Source Assignments                                                       ; On                 ; On                 ;
; Report Connectivity Checks                                                      ; On                 ; On                 ;
; Ignore Maximum Fan-Out Assignments                                              ; Off                ; Off                ;
; Synchronization Register Chain Length                                           ; 3                  ; 3                  ;
; PowerPlay Power Optimization During Synthesis                                   ; Normal compilation ; Normal compilation ;
; HDL message level                                                               ; Level2             ; Level2             ;
; Suppress Register Optimization Related Messages                                 ; Off                ; Off                ;
; Number of Removed Registers Reported in Synthesis Report                        ; 5000               ; 5000               ;
; Number of Swept Nodes Reported in Synthesis Report                              ; 5000               ; 5000               ;
; Number of Inverted Registers Reported in Synthesis Report                       ; 100                ; 100                ;
; Clock MUX Protection                                                            ; On                 ; On                 ;
; Auto Gated Clock Conversion                                                     ; Off                ; Off                ;
; Block Design Naming                                                             ; Auto               ; Auto               ;
; SDC constraint protection                                                       ; Off                ; Off                ;
; Synthesis Effort                                                                ; Auto               ; Auto               ;
; Shift Register Replacement - Allow Asynchronous Clear Signal                    ; On                 ; On                 ;
; Pre-Mapping Resynthesis Optimization                                            ; Off                ; Off                ;
; Analysis & Synthesis Message Level                                              ; Medium             ; Medium             ;
; Disable Register Merging Across Hierarchies                                     ; Auto               ; Auto               ;
; Resource Aware Inference For Block RAM                                          ; On                 ; On                 ;
; Automatic Parallel Synthesis                                                    ; On                 ; On                 ;
; Partial Reconfiguration Bitstream ID                                            ; Off                ; Off                ;
+---------------------------------------------------------------------------------+--------------------+--------------------+


+------------------------------------------+
; Parallel Compilation                     ;
+----------------------------+-------------+
; Processors                 ; Number      ;
+----------------------------+-------------+
; Number detected on machine ; 4           ;
; Maximum allowed            ; 2           ;
;                            ;             ;
; Average used               ; 1.00        ;
; Maximum used               ; 2           ;
;                            ;             ;
; Usage by Processor         ; % Time Used ;
;     Processor 1            ; 100.0%      ;
;     Processor 2            ;   0.1%      ;
+----------------------------+-------------+


+---------------------------------------------------------------------------------------------------------------------------------------------------------------+
; Analysis & Synthesis Source Files Read                                                                                                                        ;
+----------------------------------+-----------------+------------------------+-----------------------------------------------------------------------+---------+
; File Name with User-Entered Path ; Used in Netlist ; File Type              ; File Name with Absolute Path                                          ; Library ;
+----------------------------------+-----------------+------------------------+-----------------------------------------------------------------------+---------+
; dct8puntos.v                     ; yes             ; User Verilog HDL File  ; C:/Users/Usuario/Documents/Tesis/codigo/7Nov/dct_8puntos/dct8puntos.v ;         ;
; bloque.v                         ; yes             ; User Verilog HDL File  ; C:/Users/Usuario/Documents/Tesis/codigo/7Nov/dct_8puntos/bloque.v     ;         ;
; shift_add8.v                     ; yes             ; User Verilog HDL File  ; C:/Users/Usuario/Documents/Tesis/codigo/7Nov/dct_8puntos/shift_add8.v ;         ;
+----------------------------------+-----------------+------------------------+-----------------------------------------------------------------------+---------+


+---------------------------------------------------------+
; Analysis & Synthesis Resource Usage Summary             ;
+---------------------------------------------+-----------+
; Resource                                    ; Usage     ;
+---------------------------------------------+-----------+
; Estimate of Logic utilization (ALMs needed) ; 446       ;
;                                             ;           ;
; Combinational ALUT usage for logic          ; 854       ;
;     -- 7 input functions                    ; 0         ;
;     -- 6 input functions                    ; 0         ;
;     -- 5 input functions                    ; 0         ;
;     -- 4 input functions                    ; 0         ;
;     -- <=3 input functions                  ; 854       ;
;                                             ;           ;
; Dedicated logic registers                   ; 333       ;
;                                             ;           ;
; I/O pins                                    ; 227       ;
;                                             ;           ;
; Total DSP Blocks                            ; 0         ;
;                                             ;           ;
; Maximum fan-out node                        ; clk~input ;
; Maximum fan-out                             ; 333       ;
; Total fan-out                               ; 4150      ;
; Average fan-out                             ; 2.53      ;
+---------------------------------------------+-----------+


+----------------------------------------------------------------------------------------------------------------------------------------------------------------------------------------------------------+
; Analysis & Synthesis Resource Utilization by Entity                                                                                                                                                      ;
+------------------------------+---------------------+---------------------------+-------------------+------------+------+--------------+-------------------------------------+-------------+--------------+
; Compilation Hierarchy Node   ; Combinational ALUTs ; Dedicated Logic Registers ; Block Memory Bits ; DSP Blocks ; Pins ; Virtual Pins ; Full Hierarchy Name                 ; Entity Name ; Library Name ;
+------------------------------+---------------------+---------------------------+-------------------+------------+------+--------------+-------------------------------------+-------------+--------------+
; |dct8puntos                  ; 854 (81)            ; 333 (152)                 ; 0                 ; 0          ; 227  ; 0            ; |dct8puntos                         ; dct8puntos  ; work         ;
;    |bloque:dct4puntos_1|     ; 220 (220)           ; 105 (105)                 ; 0                 ; 0          ; 0    ; 0            ; |dct8puntos|bloque:dct4puntos_1     ; bloque      ; work         ;
;    |shift_add8:shift_add8_1| ; 553 (553)           ; 76 (76)                   ; 0                 ; 0          ; 0    ; 0            ; |dct8puntos|shift_add8:shift_add8_1 ; shift_add8  ; work         ;
+------------------------------+---------------------+---------------------------+-------------------+------------+------+--------------+-------------------------------------+-------------+--------------+
Note: For table entries with two numbers listed, the numbers in parentheses indicate the number of resources of the given type used by the specific entity alone. The numbers listed outside of parentheses indicate the total resources of the given type used by the specific entity and all of its sub-entities in the hierarchy.


+---------------------------------------------------------------------------------+
; Registers Removed During Synthesis                                              ;
+----------------------------------------+----------------------------------------+
; Register name                          ; Reason for Removal                     ;
+----------------------------------------+----------------------------------------+
; bloque:dct4puntos_1|y2[0]              ; Stuck at GND due to stuck port data_in ;
; bloque:dct4puntos_1|y0[0..5]           ; Stuck at GND due to stuck port data_in ;
; bloque:dct4puntos_1|y2[1..4]           ; Stuck at GND due to stuck port data_in ;
; b0_reg[9,11..18]                       ; Merged with b0_reg[10]                 ;
; b1_reg[9,11..18]                       ; Merged with b1_reg[10]                 ;
; b2_reg[9,11..18]                       ; Merged with b2_reg[10]                 ;
; b3_reg[9,11..18]                       ; Merged with b3_reg[10]                 ;
; Total Number of Removed Registers = 47 ;                                        ;
+----------------------------------------+----------------------------------------+


+------------------------------------------------------+
; General Register Statistics                          ;
+----------------------------------------------+-------+
; Statistic                                    ; Value ;
+----------------------------------------------+-------+
; Total registers                              ; 333   ;
; Number of registers using Synchronous Clear  ; 329   ;
; Number of registers using Synchronous Load   ; 0     ;
; Number of registers using Asynchronous Clear ; 0     ;
; Number of registers using Asynchronous Load  ; 0     ;
; Number of registers using Clock Enable       ; 192   ;
; Number of registers using Preset             ; 0     ;
+----------------------------------------------+-------+


+------------------------------------------------------------------------------------------------------------------------------------------+
; Multiplexer Restructuring Statistics (Restructuring Performed)                                                                           ;
+--------------------+-----------+---------------+----------------------+------------------------+------------+----------------------------+
; Multiplexer Inputs ; Bus Width ; Baseline Area ; Area if Restructured ; Saving if Restructured ; Registered ; Example Multiplexer Output ;
+--------------------+-----------+---------------+----------------------+------------------------+------------+----------------------------+
; 3:1                ; 192 bits  ; 384 LEs       ; 0 LEs                ; 384 LEs                ; Yes        ; |dct8puntos|x4_reg[8]      ;
+--------------------+-----------+---------------+----------------------+------------------------+------------+----------------------------+


+----------------------------------------------------------------------------+
; Parameter Settings for User Entity Instance: Top-level Entity: |dct8puntos ;
+----------------+-------+---------------------------------------------------+
; Parameter Name ; Value ; Type                                              ;
+----------------+-------+---------------------------------------------------+
; WIDTH_X        ; 9     ; Signed Integer                                    ;
; WIDTH_Y        ; 19    ; Signed Integer                                    ;
+----------------+-------+---------------------------------------------------+
Note: In order to hide this table in the UI and the text report file, please set the "Show Parameter Settings in Synthesis Report" option in "Analysis and Synthesis Settings -> More Settings" to "Off".


+------------------------------------------------------------------+
; Parameter Settings for User Entity Instance: bloque:dct4puntos_1 ;
+----------------+-------+-----------------------------------------+
; Parameter Name ; Value ; Type                                    ;
+----------------+-------+-----------------------------------------+
; WIDTH_X        ; 10    ; Signed Integer                          ;
; WIDTH_Y        ; 19    ; Signed Integer                          ;
+----------------+-------+-----------------------------------------+
Note: In order to hide this table in the UI and the text report file, please set the "Show Parameter Settings in Synthesis Report" option in "Analysis and Synthesis Settings -> More Settings" to "Off".


+----------------------------------------------------------------------+
; Parameter Settings for User Entity Instance: shift_add8:shift_add8_1 ;
+----------------+-------+---------------------------------------------+
; Parameter Name ; Value ; Type                                        ;
+----------------+-------+---------------------------------------------+
; WIDTH          ; 19    ; Signed Integer                              ;
+----------------+-------+---------------------------------------------+
Note: In order to hide this table in the UI and the text report file, please set the "Show Parameter Settings in Synthesis Report" option in "Analysis and Synthesis Settings -> More Settings" to "Off".


+--------------------------------------------------------------------------------------------------------------------------------------------------------------------------------------------------------------+
; Port Connectivity Checks: "bloque:dct4puntos_1"                                                                                                                                                              ;
+------+-------+----------+------------------------------------------------------------------------------------------------------------------------------------------------------------------------------------+
; Port ; Type  ; Severity ; Details                                                                                                                                                                            ;
+------+-------+----------+------------------------------------------------------------------------------------------------------------------------------------------------------------------------------------+
; x0   ; Input ; Warning  ; Input port expression (19 bits) is wider than the input port (10 bits) it drives.  The 9 most-significant bit(s) in the expression will be dangling if they have no other fanouts. ;
; x1   ; Input ; Warning  ; Input port expression (19 bits) is wider than the input port (10 bits) it drives.  The 9 most-significant bit(s) in the expression will be dangling if they have no other fanouts. ;
; x2   ; Input ; Warning  ; Input port expression (19 bits) is wider than the input port (10 bits) it drives.  The 9 most-significant bit(s) in the expression will be dangling if they have no other fanouts. ;
; x3   ; Input ; Warning  ; Input port expression (19 bits) is wider than the input port (10 bits) it drives.  The 9 most-significant bit(s) in the expression will be dangling if they have no other fanouts. ;
+------+-------+----------+------------------------------------------------------------------------------------------------------------------------------------------------------------------------------------+


+-----------------------------------------------------+
; Post-Synthesis Netlist Statistics for Top Partition ;
+-----------------------+-----------------------------+
; Type                  ; Count                       ;
+-----------------------+-----------------------------+
; arriav_ff             ; 333                         ;
;     ENA SCLR          ; 192                         ;
;     SCLR              ; 137                         ;
;     plain             ; 4                           ;
; arriav_lcell_comb     ; 855                         ;
;     arith             ; 414                         ;
;         0 data inputs ; 1                           ;
;         1 data inputs ; 27                          ;
;         2 data inputs ; 386                         ;
;     normal            ; 4                           ;
;         0 data inputs ; 1                           ;
;         2 data inputs ; 3                           ;
;     shared            ; 437                         ;
;         2 data inputs ; 310                         ;
;         3 data inputs ; 127                         ;
; boundary_port         ; 227                         ;
;                       ;                             ;
; Max LUT depth         ; 12.50                       ;
; Average LUT depth     ; 6.23                        ;
+-----------------------+-----------------------------+


+-------------------------------+
; Elapsed Time Per Partition    ;
+----------------+--------------+
; Partition Name ; Elapsed Time ;
+----------------+--------------+
; Top            ; 00:00:00     ;
+----------------+--------------+


+-------------------------------+
; Analysis & Synthesis Messages ;
+-------------------------------+
Info: *******************************************************************
Info: Running Quartus Prime Analysis & Synthesis
    Info: Version 17.0.0 Build 595 04/25/2017 SJ Lite Edition
    Info: Processing started: Sun Nov 12 14:55:16 2017
Info: Command: quartus_map --read_settings_files=on --write_settings_files=off dct8puntos -c dct8puntos
Warning (18236): Number of processors has not been specified which may cause overloading on shared machines.  Set the global assignment NUM_PARALLEL_PROCESSORS in your QSF to an appropriate value for best performance.
Info (20030): Parallel compilation is enabled and will use 2 of the 2 processors detected
Info (12021): Found 1 design units, including 1 entities, in source file dct8puntos.v
    Info (12023): Found entity 1: dct8puntos File: C:/Users/Usuario/Documents/Tesis/codigo/7Nov/dct_8puntos/dct8puntos.v Line: 1
Info (12021): Found 1 design units, including 1 entities, in source file dct_8puntos_test.v
    Info (12023): Found entity 1: dct_8puntos_test File: C:/Users/Usuario/Documents/Tesis/codigo/7Nov/dct_8puntos/dct_8puntos_test.v Line: 3
Info (12021): Found 1 design units, including 1 entities, in source file bloque.v
    Info (12023): Found entity 1: bloque File: C:/Users/Usuario/Documents/Tesis/codigo/7Nov/dct_8puntos/bloque.v Line: 1
Info (12021): Found 1 design units, including 1 entities, in source file shift_add8.v
    Info (12023): Found entity 1: shift_add8 File: C:/Users/Usuario/Documents/Tesis/codigo/7Nov/dct_8puntos/shift_add8.v Line: 1
Info (12127): Elaborating entity "dct8puntos" for the top level hierarchy
Info (12128): Elaborating entity "bloque" for hierarchy "bloque:dct4puntos_1" File: C:/Users/Usuario/Documents/Tesis/codigo/7Nov/dct_8puntos/dct8puntos.v Line: 71
Warning (10230): Verilog HDL assignment warning at bloque.v(76): truncated value with size 25 to match size of target (19) File: C:/Users/Usuario/Documents/Tesis/codigo/7Nov/dct_8puntos/bloque.v Line: 76
Warning (10230): Verilog HDL assignment warning at bloque.v(77): truncated value with size 25 to match size of target (19) File: C:/Users/Usuario/Documents/Tesis/codigo/7Nov/dct_8puntos/bloque.v Line: 77
Warning (10230): Verilog HDL assignment warning at bloque.v(78): truncated value with size 24 to match size of target (19) File: C:/Users/Usuario/Documents/Tesis/codigo/7Nov/dct_8puntos/bloque.v Line: 78
Warning (10230): Verilog HDL assignment warning at bloque.v(79): truncated value with size 25 to match size of target (19) File: C:/Users/Usuario/Documents/Tesis/codigo/7Nov/dct_8puntos/bloque.v Line: 79
Warning (10230): Verilog HDL assignment warning at bloque.v(80): truncated value with size 25 to match size of target (19) File: C:/Users/Usuario/Documents/Tesis/codigo/7Nov/dct_8puntos/bloque.v Line: 80
Warning (10230): Verilog HDL assignment warning at bloque.v(81): truncated value with size 24 to match size of target (19) File: C:/Users/Usuario/Documents/Tesis/codigo/7Nov/dct_8puntos/bloque.v Line: 81
Info (12128): Elaborating entity "shift_add8" for hierarchy "shift_add8:shift_add8_1" File: C:/Users/Usuario/Documents/Tesis/codigo/7Nov/dct_8puntos/dct8puntos.v Line: 146
Warning (10036): Verilog HDL or VHDL warning at shift_add8.v(39): object "aux1" assigned a value but never read File: C:/Users/Usuario/Documents/Tesis/codigo/7Nov/dct_8puntos/shift_add8.v Line: 39
Warning (10036): Verilog HDL or VHDL warning at shift_add8.v(40): object "aux2" assigned a value but never read File: C:/Users/Usuario/Documents/Tesis/codigo/7Nov/dct_8puntos/shift_add8.v Line: 40
Warning (10036): Verilog HDL or VHDL warning at shift_add8.v(41): object "aux3" assigned a value but never read File: C:/Users/Usuario/Documents/Tesis/codigo/7Nov/dct_8puntos/shift_add8.v Line: 41
Warning (10036): Verilog HDL or VHDL warning at shift_add8.v(42): object "aux4" assigned a value but never read File: C:/Users/Usuario/Documents/Tesis/codigo/7Nov/dct_8puntos/shift_add8.v Line: 42
Warning (10230): Verilog HDL assignment warning at shift_add8.v(44): truncated value with size 24 to match size of target (19) File: C:/Users/Usuario/Documents/Tesis/codigo/7Nov/dct_8puntos/shift_add8.v Line: 44
Warning (10230): Verilog HDL assignment warning at shift_add8.v(45): truncated value with size 25 to match size of target (19) File: C:/Users/Usuario/Documents/Tesis/codigo/7Nov/dct_8puntos/shift_add8.v Line: 45
Warning (10230): Verilog HDL assignment warning at shift_add8.v(46): truncated value with size 23 to match size of target (19) File: C:/Users/Usuario/Documents/Tesis/codigo/7Nov/dct_8puntos/shift_add8.v Line: 46
Warning (10230): Verilog HDL assignment warning at shift_add8.v(47): truncated value with size 25 to match size of target (19) File: C:/Users/Usuario/Documents/Tesis/codigo/7Nov/dct_8puntos/shift_add8.v Line: 47
Warning (10230): Verilog HDL assignment warning at shift_add8.v(49): truncated value with size 25 to match size of target (19) File: C:/Users/Usuario/Documents/Tesis/codigo/7Nov/dct_8puntos/shift_add8.v Line: 49
Warning (10230): Verilog HDL assignment warning at shift_add8.v(50): truncated value with size 25 to match size of target (19) File: C:/Users/Usuario/Documents/Tesis/codigo/7Nov/dct_8puntos/shift_add8.v Line: 50
Warning (10230): Verilog HDL assignment warning at shift_add8.v(51): truncated value with size 25 to match size of target (19) File: C:/Users/Usuario/Documents/Tesis/codigo/7Nov/dct_8puntos/shift_add8.v Line: 51
Warning (10230): Verilog HDL assignment warning at shift_add8.v(52): truncated value with size 25 to match size of target (19) File: C:/Users/Usuario/Documents/Tesis/codigo/7Nov/dct_8puntos/shift_add8.v Line: 52
Warning (12241): 1 hierarchies have connectivity warnings - see the Connectivity Checks report folder
Warning (13024): Output pins are stuck at VCC or GND
    Warning (13410): Pin "y0[0]" is stuck at GND File: C:/Users/Usuario/Documents/Tesis/codigo/7Nov/dct_8puntos/dct8puntos.v Line: 20
    Warning (13410): Pin "y0[1]" is stuck at GND File: C:/Users/Usuario/Documents/Tesis/codigo/7Nov/dct_8puntos/dct8puntos.v Line: 20
    Warning (13410): Pin "y0[2]" is stuck at GND File: C:/Users/Usuario/Documents/Tesis/codigo/7Nov/dct_8puntos/dct8puntos.v Line: 20
    Warning (13410): Pin "y0[3]" is stuck at GND File: C:/Users/Usuario/Documents/Tesis/codigo/7Nov/dct_8puntos/dct8puntos.v Line: 20
    Warning (13410): Pin "y0[4]" is stuck at GND File: C:/Users/Usuario/Documents/Tesis/codigo/7Nov/dct_8puntos/dct8puntos.v Line: 20
    Warning (13410): Pin "y0[5]" is stuck at GND File: C:/Users/Usuario/Documents/Tesis/codigo/7Nov/dct_8puntos/dct8puntos.v Line: 20
    Warning (13410): Pin "y4[0]" is stuck at GND File: C:/Users/Usuario/Documents/Tesis/codigo/7Nov/dct_8puntos/dct8puntos.v Line: 24
    Warning (13410): Pin "y4[1]" is stuck at GND File: C:/Users/Usuario/Documents/Tesis/codigo/7Nov/dct_8puntos/dct8puntos.v Line: 24
    Warning (13410): Pin "y4[2]" is stuck at GND File: C:/Users/Usuario/Documents/Tesis/codigo/7Nov/dct_8puntos/dct8puntos.v Line: 24
    Warning (13410): Pin "y4[3]" is stuck at GND File: C:/Users/Usuario/Documents/Tesis/codigo/7Nov/dct_8puntos/dct8puntos.v Line: 24
    Warning (13410): Pin "y4[4]" is stuck at GND File: C:/Users/Usuario/Documents/Tesis/codigo/7Nov/dct_8puntos/dct8puntos.v Line: 24
Info (286030): Timing-Driven Synthesis is running
Info (16010): Generating hard_block partition "hard_block:auto_generated_inst"
    Info (16011): Adding 0 node(s), including 0 DDIO, 0 PLL, 0 transceiver and 0 LCELL
Info (21057): Implemented 1199 device resources after synthesis - the final resource count might be different
    Info (21058): Implemented 75 input pins
    Info (21059): Implemented 152 output pins
    Info (21061): Implemented 972 logic cells
Info: Quartus Prime Analysis & Synthesis was successful. 0 errors, 32 warnings
    Info: Peak virtual memory: 707 megabytes
    Info: Processing ended: Sun Nov 12 14:55:30 2017
    Info: Elapsed time: 00:00:14
    Info: Total CPU time (on all processors): 00:00:30


