Analysis & Synthesis report for dct32
Sun Nov 26 21:29:37 2017
Quartus Prime Version 17.0.0 Build 595 04/25/2017 SJ Lite Edition


---------------------
; Table of Contents ;
---------------------
  1. Legal Notice
  2. Analysis & Synthesis Summary
  3. Analysis & Synthesis Settings
  4. Parallel Compilation
  5. Analysis & Synthesis Source Files Read
  6. Analysis & Synthesis Resource Usage Summary
  7. Analysis & Synthesis Resource Utilization by Entity
  8. Registers Removed During Synthesis
  9. General Register Statistics
 10. Multiplexer Restructuring Statistics (Restructuring Performed)
 11. Parameter Settings for User Entity Instance: Top-level Entity: |dct32
 12. Parameter Settings for User Entity Instance: dct16:dct16_1
 13. Parameter Settings for User Entity Instance: dct16:dct16_1|dct8puntos:dct8puntos_1
 14. Parameter Settings for User Entity Instance: dct16:dct16_1|dct8puntos:dct8puntos_1|bloque:dct4puntos_1
 15. Parameter Settings for User Entity Instance: dct16:dct16_1|dct8puntos:dct8puntos_1|shift_add8:shift_add8_1
 16. Parameter Settings for User Entity Instance: dct16:dct16_1|shift_add16:shift_add16_1
 17. Parameter Settings for User Entity Instance: shift_add32:shift_add32_1
 18. Port Connectivity Checks: "dct16:dct16_1|dct8puntos:dct8puntos_1|bloque:dct4puntos_1"
 19. Port Connectivity Checks: "dct16:dct16_1|dct8puntos:dct8puntos_1"
 20. Port Connectivity Checks: "dct16:dct16_1"
 21. Post-Synthesis Netlist Statistics for Top Partition
 22. Elapsed Time Per Partition
 23. Analysis & Synthesis Messages
 24. Analysis & Synthesis Suppressed Messages



----------------
; Legal Notice ;
----------------
Copyright (C) 2017  Intel Corporation. All rights reserved.
Your use of Intel Corporation's design tools, logic functions 
and other software and tools, and its AMPP partner logic 
functions, and any output files from any of the foregoing 
(including device programming or simulation files), and any 
associated documentation or information are expressly subject 
to the terms and conditions of the Intel Program License 
Subscription Agreement, the Intel Quartus Prime License Agreement,
the Intel MegaCore Function License Agreement, or other 
applicable license agreement, including, without limitation, 
that your use is for the sole purpose of programming logic 
devices manufactured by Intel and sold by Intel or its 
authorized distributors.  Please refer to the applicable 
agreement for further details.



+-------------------------------------------------------------------------------+
; Analysis & Synthesis Summary                                                  ;
+---------------------------------+---------------------------------------------+
; Analysis & Synthesis Status     ; Successful - Sun Nov 26 21:29:36 2017       ;
; Quartus Prime Version           ; 17.0.0 Build 595 04/25/2017 SJ Lite Edition ;
; Revision Name                   ; dct32                                       ;
; Top-level Entity Name           ; dct32                                       ;
; Family                          ; Cyclone V                                   ;
; Logic utilization (in ALMs)     ; N/A                                         ;
; Total registers                 ; 4105                                        ;
; Total pins                      ; 963                                         ;
; Total virtual pins              ; 0                                           ;
; Total block memory bits         ; 0                                           ;
; Total DSP Blocks                ; 0                                           ;
; Total HSSI RX PCSs              ; 0                                           ;
; Total HSSI PMA RX Deserializers ; 0                                           ;
; Total HSSI TX PCSs              ; 0                                           ;
; Total HSSI PMA TX Serializers   ; 0                                           ;
; Total PLLs                      ; 0                                           ;
; Total DLLs                      ; 0                                           ;
+---------------------------------+---------------------------------------------+


+---------------------------------------------------------------------------------------------------------------------------+
; Analysis & Synthesis Settings                                                                                             ;
+---------------------------------------------------------------------------------+--------------------+--------------------+
; Option                                                                          ; Setting            ; Default Value      ;
+---------------------------------------------------------------------------------+--------------------+--------------------+
; Device                                                                          ; 5CGXFC7C7F23C8     ;                    ;
; Top-level entity name                                                           ; dct32              ; dct32              ;
; Family name                                                                     ; Cyclone V          ; Cyclone V          ;
; Use smart compilation                                                           ; Off                ; Off                ;
; Enable parallel Assembler and TimeQuest Timing Analyzer during compilation      ; On                 ; On                 ;
; Enable compact report table                                                     ; Off                ; Off                ;
; Restructure Multiplexers                                                        ; Auto               ; Auto               ;
; MLAB Add Timing Constraints For Mixed-Port Feed-Through Mode Setting Don't Care ; Off                ; Off                ;
; Create Debugging Nodes for IP Cores                                             ; Off                ; Off                ;
; Preserve fewer node names                                                       ; On                 ; On                 ;
; OpenCore Plus hardware evaluation                                               ; Enable             ; Enable             ;
; Verilog Version                                                                 ; Verilog_2001       ; Verilog_2001       ;
; VHDL Version                                                                    ; VHDL_1993          ; VHDL_1993          ;
; State Machine Processing                                                        ; Auto               ; Auto               ;
; Safe State Machine                                                              ; Off                ; Off                ;
; Extract Verilog State Machines                                                  ; On                 ; On                 ;
; Extract VHDL State Machines                                                     ; On                 ; On                 ;
; Ignore Verilog initial constructs                                               ; Off                ; Off                ;
; Iteration limit for constant Verilog loops                                      ; 5000               ; 5000               ;
; Iteration limit for non-constant Verilog loops                                  ; 250                ; 250                ;
; Add Pass-Through Logic to Inferred RAMs                                         ; On                 ; On                 ;
; Infer RAMs from Raw Logic                                                       ; On                 ; On                 ;
; Parallel Synthesis                                                              ; On                 ; On                 ;
; DSP Block Balancing                                                             ; Auto               ; Auto               ;
; NOT Gate Push-Back                                                              ; On                 ; On                 ;
; Power-Up Don't Care                                                             ; On                 ; On                 ;
; Remove Redundant Logic Cells                                                    ; Off                ; Off                ;
; Remove Duplicate Registers                                                      ; On                 ; On                 ;
; Ignore CARRY Buffers                                                            ; Off                ; Off                ;
; Ignore CASCADE Buffers                                                          ; Off                ; Off                ;
; Ignore GLOBAL Buffers                                                           ; Off                ; Off                ;
; Ignore ROW GLOBAL Buffers                                                       ; Off                ; Off                ;
; Ignore LCELL Buffers                                                            ; Off                ; Off                ;
; Ignore SOFT Buffers                                                             ; On                 ; On                 ;
; Limit AHDL Integers to 32 Bits                                                  ; Off                ; Off                ;
; Optimization Technique                                                          ; Balanced           ; Balanced           ;
; Carry Chain Length                                                              ; 70                 ; 70                 ;
; Auto Carry Chains                                                               ; On                 ; On                 ;
; Auto Open-Drain Pins                                                            ; On                 ; On                 ;
; Perform WYSIWYG Primitive Resynthesis                                           ; Off                ; Off                ;
; Auto ROM Replacement                                                            ; On                 ; On                 ;
; Auto RAM Replacement                                                            ; On                 ; On                 ;
; Auto DSP Block Replacement                                                      ; On                 ; On                 ;
; Auto Shift Register Replacement                                                 ; Auto               ; Auto               ;
; Allow Shift Register Merging across Hierarchies                                 ; Auto               ; Auto               ;
; Auto Clock Enable Replacement                                                   ; On                 ; On                 ;
; Strict RAM Replacement                                                          ; Off                ; Off                ;
; Allow Synchronous Control Signals                                               ; On                 ; On                 ;
; Force Use of Synchronous Clear Signals                                          ; Off                ; Off                ;
; Auto Resource Sharing                                                           ; Off                ; Off                ;
; Allow Any RAM Size For Recognition                                              ; Off                ; Off                ;
; Allow Any ROM Size For Recognition                                              ; Off                ; Off                ;
; Allow Any Shift Register Size For Recognition                                   ; Off                ; Off                ;
; Use LogicLock Constraints during Resource Balancing                             ; On                 ; On                 ;
; Ignore translate_off and synthesis_off directives                               ; Off                ; Off                ;
; Timing-Driven Synthesis                                                         ; On                 ; On                 ;
; Report Parameter Settings                                                       ; On                 ; On                 ;
; Report Source Assignments                                                       ; On                 ; On                 ;
; Report Connectivity Checks                                                      ; On                 ; On                 ;
; Ignore Maximum Fan-Out Assignments                                              ; Off                ; Off                ;
; Synchronization Register Chain Length                                           ; 3                  ; 3                  ;
; PowerPlay Power Optimization During Synthesis                                   ; Normal compilation ; Normal compilation ;
; HDL message level                                                               ; Level2             ; Level2             ;
; Suppress Register Optimization Related Messages                                 ; Off                ; Off                ;
; Number of Removed Registers Reported in Synthesis Report                        ; 5000               ; 5000               ;
; Number of Swept Nodes Reported in Synthesis Report                              ; 5000               ; 5000               ;
; Number of Inverted Registers Reported in Synthesis Report                       ; 100                ; 100                ;
; Clock MUX Protection                                                            ; On                 ; On                 ;
; Auto Gated Clock Conversion                                                     ; Off                ; Off                ;
; Block Design Naming                                                             ; Auto               ; Auto               ;
; SDC constraint protection                                                       ; Off                ; Off                ;
; Synthesis Effort                                                                ; Auto               ; Auto               ;
; Shift Register Replacement - Allow Asynchronous Clear Signal                    ; On                 ; On                 ;
; Pre-Mapping Resynthesis Optimization                                            ; Off                ; Off                ;
; Analysis & Synthesis Message Level                                              ; Medium             ; Medium             ;
; Disable Register Merging Across Hierarchies                                     ; Auto               ; Auto               ;
; Resource Aware Inference For Block RAM                                          ; On                 ; On                 ;
; Automatic Parallel Synthesis                                                    ; On                 ; On                 ;
; Partial Reconfiguration Bitstream ID                                            ; Off                ; Off                ;
+---------------------------------------------------------------------------------+--------------------+--------------------+


+------------------------------------------+
; Parallel Compilation                     ;
+----------------------------+-------------+
; Processors                 ; Number      ;
+----------------------------+-------------+
; Number detected on machine ; 4           ;
; Maximum allowed            ; 2           ;
;                            ;             ;
; Average used               ; 1.00        ;
; Maximum used               ; 2           ;
;                            ;             ;
; Usage by Processor         ; % Time Used ;
;     Processor 1            ; 100.0%      ;
;     Processor 2            ;   0.4%      ;
+----------------------------+-------------+


+--------------------------------------------------------------------------------------------------------------------------------------------------------------------------+
; Analysis & Synthesis Source Files Read                                                                                                                                   ;
+----------------------------------+-----------------+------------------------+----------------------------------------------------------------------------------+---------+
; File Name with User-Entered Path ; Used in Netlist ; File Type              ; File Name with Absolute Path                                                     ; Library ;
+----------------------------------+-----------------+------------------------+----------------------------------------------------------------------------------+---------+
; dct32.v                          ; yes             ; User Verilog HDL File  ; C:/Users/Usuario/Documents/Tesis/codigo/Nov18_sabado/Nov24_3/dct32/dct32.v       ;         ;
; dct8puntos.v                     ; yes             ; User Verilog HDL File  ; C:/Users/Usuario/Documents/Tesis/codigo/Nov18_sabado/Nov24_3/dct32/dct8puntos.v  ;         ;
; dct16.v                          ; yes             ; User Verilog HDL File  ; C:/Users/Usuario/Documents/Tesis/codigo/Nov18_sabado/Nov24_3/dct32/dct16.v       ;         ;
; shift_add8.v                     ; yes             ; User Verilog HDL File  ; C:/Users/Usuario/Documents/Tesis/codigo/Nov18_sabado/Nov24_3/dct32/shift_add8.v  ;         ;
; shift_add16.v                    ; yes             ; User Verilog HDL File  ; C:/Users/Usuario/Documents/Tesis/codigo/Nov18_sabado/Nov24_3/dct32/shift_add16.v ;         ;
; shift_add32.v                    ; yes             ; User Verilog HDL File  ; C:/Users/Usuario/Documents/Tesis/codigo/Nov18_sabado/Nov24_3/dct32/shift_add32.v ;         ;
; bloque.v                         ; yes             ; User Verilog HDL File  ; C:/Users/Usuario/Documents/Tesis/codigo/Nov18_sabado/Nov24_3/dct32/bloque.v      ;         ;
+----------------------------------+-----------------+------------------------+----------------------------------------------------------------------------------+---------+


+---------------------------------------------------------+
; Analysis & Synthesis Resource Usage Summary             ;
+---------------------------------------------+-----------+
; Resource                                    ; Usage     ;
+---------------------------------------------+-----------+
; Estimate of Logic utilization (ALMs needed) ; 8399      ;
;                                             ;           ;
; Combinational ALUT usage for logic          ; 15846     ;
;     -- 7 input functions                    ; 0         ;
;     -- 6 input functions                    ; 0         ;
;     -- 5 input functions                    ; 0         ;
;     -- 4 input functions                    ; 0         ;
;     -- <=3 input functions                  ; 15846     ;
;                                             ;           ;
; Dedicated logic registers                   ; 4105      ;
;                                             ;           ;
; I/O pins                                    ; 963       ;
;                                             ;           ;
; Total DSP Blocks                            ; 0         ;
;                                             ;           ;
; Maximum fan-out node                        ; clk~input ;
; Maximum fan-out                             ; 4105      ;
; Total fan-out                               ; 63579     ;
; Average fan-out                             ; 2.91      ;
+---------------------------------------------+-----------+


+-------------------------------------------------------------------------------------------------------------------------------------------------------------------------------------------------------------------------------------------------+
; Analysis & Synthesis Resource Utilization by Entity                                                                                                                                                                                             ;
+------------------------------------+---------------------+---------------------------+-------------------+------------+------+--------------+----------------------------------------------------------------------+-------------+--------------+
; Compilation Hierarchy Node         ; Combinational ALUTs ; Dedicated Logic Registers ; Block Memory Bits ; DSP Blocks ; Pins ; Virtual Pins ; Full Hierarchy Name                                                  ; Entity Name ; Library Name ;
+------------------------------------+---------------------+---------------------------+-------------------+------------+------+--------------+----------------------------------------------------------------------+-------------+--------------+
; |dct32                             ; 15846 (320)         ; 4105 (608)                ; 0                 ; 0          ; 963  ; 0            ; |dct32                                                               ; dct32       ; work         ;
;    |dct16:dct16_1|                 ; 4175 (176)          ; 1481 (336)                ; 0                 ; 0          ; 0    ; 0            ; |dct32|dct16:dct16_1                                                 ; dct16       ; work         ;
;       |dct8puntos:dct8puntos_1|    ; 1053 (97)           ; 473 (184)                 ; 0                 ; 0          ; 0    ; 0            ; |dct32|dct16:dct16_1|dct8puntos:dct8puntos_1                         ; dct8puntos  ; work         ;
;          |bloque:dct4puntos_1|     ; 254 (254)           ; 121 (121)                 ; 0                 ; 0          ; 0    ; 0            ; |dct32|dct16:dct16_1|dct8puntos:dct8puntos_1|bloque:dct4puntos_1     ; bloque      ; work         ;
;          |shift_add8:shift_add8_1| ; 702 (702)           ; 168 (168)                 ; 0                 ; 0          ; 0    ; 0            ; |dct32|dct16:dct16_1|dct8puntos:dct8puntos_1|shift_add8:shift_add8_1 ; shift_add8  ; work         ;
;       |shift_add16:shift_add16_1|  ; 2946 (2946)         ; 672 (672)                 ; 0                 ; 0          ; 0    ; 0            ; |dct32|dct16:dct16_1|shift_add16:shift_add16_1                       ; shift_add16 ; work         ;
;    |shift_add32:shift_add32_1|     ; 11351 (11351)       ; 2016 (2016)               ; 0                 ; 0          ; 0    ; 0            ; |dct32|shift_add32:shift_add32_1                                     ; shift_add32 ; work         ;
+------------------------------------+---------------------+---------------------------+-------------------+------------+------+--------------+----------------------------------------------------------------------+-------------+--------------+
Note: For table entries with two numbers listed, the numbers in parentheses indicate the number of resources of the given type used by the specific entity alone. The numbers listed outside of parentheses indicate the total resources of the given type used by the specific entity and all of its sub-entities in the hierarchy.


+-----------------------------------------------------------------------------------------------------------------------------------+
; Registers Removed During Synthesis                                                                                                ;
+--------------------------------------------------------------------+--------------------------------------------------------------+
; Register name                                                      ; Reason for Removal                                           ;
+--------------------------------------------------------------------+--------------------------------------------------------------+
; dct16:dct16_1|dct8puntos:dct8puntos_1|bloque:dct4puntos_1|y2[0]    ; Stuck at GND due to stuck port data_in                       ;
; dct16:dct16_1|dct8puntos:dct8puntos_1|bloque:dct4puntos_1|y0[0..5] ; Stuck at GND due to stuck port data_in                       ;
; dct16:dct16_1|dct8puntos:dct8puntos_1|bloque:dct4puntos_1|y2[1..4] ; Stuck at GND due to stuck port data_in                       ;
; dct16:dct16_1|dct8puntos:dct8puntos_1|b0_reg[12..20]               ; Merged with dct16:dct16_1|dct8puntos:dct8puntos_1|b0_reg[11] ;
; dct16:dct16_1|dct8puntos:dct8puntos_1|b1_reg[12..20]               ; Merged with dct16:dct16_1|dct8puntos:dct8puntos_1|b1_reg[11] ;
; dct16:dct16_1|dct8puntos:dct8puntos_1|b2_reg[12..20]               ; Merged with dct16:dct16_1|dct8puntos:dct8puntos_1|b2_reg[11] ;
; dct16:dct16_1|dct8puntos:dct8puntos_1|b3_reg[12..20]               ; Merged with dct16:dct16_1|dct8puntos:dct8puntos_1|b3_reg[11] ;
; dct16:dct16_1|b0_reg[11..20]                                       ; Merged with dct16:dct16_1|b0_reg[10]                         ;
; dct16:dct16_1|b1_reg[11..20]                                       ; Merged with dct16:dct16_1|b1_reg[10]                         ;
; dct16:dct16_1|b2_reg[11..20]                                       ; Merged with dct16:dct16_1|b2_reg[10]                         ;
; dct16:dct16_1|b3_reg[11..20]                                       ; Merged with dct16:dct16_1|b3_reg[10]                         ;
; dct16:dct16_1|b4_reg[11..20]                                       ; Merged with dct16:dct16_1|b4_reg[10]                         ;
; dct16:dct16_1|b5_reg[11..20]                                       ; Merged with dct16:dct16_1|b5_reg[10]                         ;
; dct16:dct16_1|b6_reg[11..20]                                       ; Merged with dct16:dct16_1|b6_reg[10]                         ;
; dct16:dct16_1|b7_reg[11..20]                                       ; Merged with dct16:dct16_1|b7_reg[10]                         ;
; b0_reg[9,11..20]                                                   ; Merged with b0_reg[10]                                       ;
; b1_reg[9,11..20]                                                   ; Merged with b1_reg[10]                                       ;
; b2_reg[9,11..20]                                                   ; Merged with b2_reg[10]                                       ;
; b3_reg[9,11..20]                                                   ; Merged with b3_reg[10]                                       ;
; b4_reg[9,11..20]                                                   ; Merged with b4_reg[10]                                       ;
; b5_reg[9,11..20]                                                   ; Merged with b5_reg[10]                                       ;
; b6_reg[9,11..20]                                                   ; Merged with b6_reg[10]                                       ;
; b7_reg[9,11..20]                                                   ; Merged with b7_reg[10]                                       ;
; b8_reg[9,11..20]                                                   ; Merged with b8_reg[10]                                       ;
; b9_reg[9,11..20]                                                   ; Merged with b9_reg[10]                                       ;
; b10_reg[9,11..20]                                                  ; Merged with b10_reg[10]                                      ;
; b11_reg[9,11..20]                                                  ; Merged with b11_reg[10]                                      ;
; b12_reg[9,11..20]                                                  ; Merged with b12_reg[10]                                      ;
; b13_reg[9,11..20]                                                  ; Merged with b13_reg[10]                                      ;
; b14_reg[9,11..20]                                                  ; Merged with b14_reg[10]                                      ;
; b15_reg[9,11..20]                                                  ; Merged with b15_reg[10]                                      ;
; Total Number of Removed Registers = 303                            ;                                                              ;
+--------------------------------------------------------------------+--------------------------------------------------------------+


+------------------------------------------------------+
; General Register Statistics                          ;
+----------------------------------------------+-------+
; Statistic                                    ; Value ;
+----------------------------------------------+-------+
; Total registers                              ; 4105  ;
; Number of registers using Synchronous Clear  ; 4101  ;
; Number of registers using Synchronous Load   ; 0     ;
; Number of registers using Asynchronous Clear ; 0     ;
; Number of registers using Asynchronous Load  ; 0     ;
; Number of registers using Clock Enable       ; 584   ;
; Number of registers using Preset             ; 0     ;
+----------------------------------------------+-------+


+----------------------------------------------------------------------------------------------------------------------------------------------------------------------+
; Multiplexer Restructuring Statistics (Restructuring Performed)                                                                                                       ;
+--------------------+-----------+---------------+----------------------+------------------------+------------+--------------------------------------------------------+
; Multiplexer Inputs ; Bus Width ; Baseline Area ; Area if Restructured ; Saving if Restructured ; Registered ; Example Multiplexer Output                             ;
+--------------------+-----------+---------------+----------------------+------------------------+------------+--------------------------------------------------------+
; 3:1                ; 584 bits  ; 1168 LEs      ; 0 LEs                ; 1168 LEs               ; Yes        ; |dct32|dct16:dct16_1|dct8puntos:dct8puntos_1|x5_reg[0] ;
+--------------------+-----------+---------------+----------------------+------------------------+------------+--------------------------------------------------------+


+-----------------------------------------------------------------------+
; Parameter Settings for User Entity Instance: Top-level Entity: |dct32 ;
+----------------+-------+----------------------------------------------+
; Parameter Name ; Value ; Type                                         ;
+----------------+-------+----------------------------------------------+
; WIDTH_X        ; 9     ; Signed Integer                               ;
; WIDTH_Y        ; 21    ; Signed Integer                               ;
+----------------+-------+----------------------------------------------+
Note: In order to hide this table in the UI and the text report file, please set the "Show Parameter Settings in Synthesis Report" option in "Analysis and Synthesis Settings -> More Settings" to "Off".


+------------------------------------------------------------+
; Parameter Settings for User Entity Instance: dct16:dct16_1 ;
+----------------+-------+-----------------------------------+
; Parameter Name ; Value ; Type                              ;
+----------------+-------+-----------------------------------+
; WIDTH_X        ; 10    ; Signed Integer                    ;
; WIDTH_Y        ; 21    ; Signed Integer                    ;
+----------------+-------+-----------------------------------+
Note: In order to hide this table in the UI and the text report file, please set the "Show Parameter Settings in Synthesis Report" option in "Analysis and Synthesis Settings -> More Settings" to "Off".


+------------------------------------------------------------------------------------+
; Parameter Settings for User Entity Instance: dct16:dct16_1|dct8puntos:dct8puntos_1 ;
+----------------+-------+-----------------------------------------------------------+
; Parameter Name ; Value ; Type                                                      ;
+----------------+-------+-----------------------------------------------------------+
; WIDTH_X        ; 11    ; Signed Integer                                            ;
; WIDTH_Y        ; 21    ; Signed Integer                                            ;
+----------------+-------+-----------------------------------------------------------+
Note: In order to hide this table in the UI and the text report file, please set the "Show Parameter Settings in Synthesis Report" option in "Analysis and Synthesis Settings -> More Settings" to "Off".


+--------------------------------------------------------------------------------------------------------+
; Parameter Settings for User Entity Instance: dct16:dct16_1|dct8puntos:dct8puntos_1|bloque:dct4puntos_1 ;
+----------------+-------+-------------------------------------------------------------------------------+
; Parameter Name ; Value ; Type                                                                          ;
+----------------+-------+-------------------------------------------------------------------------------+
; WIDTH_X        ; 12    ; Signed Integer                                                                ;
; WIDTH_Y        ; 21    ; Signed Integer                                                                ;
+----------------+-------+-------------------------------------------------------------------------------+
Note: In order to hide this table in the UI and the text report file, please set the "Show Parameter Settings in Synthesis Report" option in "Analysis and Synthesis Settings -> More Settings" to "Off".


+------------------------------------------------------------------------------------------------------------+
; Parameter Settings for User Entity Instance: dct16:dct16_1|dct8puntos:dct8puntos_1|shift_add8:shift_add8_1 ;
+----------------+-------+-----------------------------------------------------------------------------------+
; Parameter Name ; Value ; Type                                                                              ;
+----------------+-------+-----------------------------------------------------------------------------------+
; WIDTH          ; 21    ; Signed Integer                                                                    ;
+----------------+-------+-----------------------------------------------------------------------------------+
Note: In order to hide this table in the UI and the text report file, please set the "Show Parameter Settings in Synthesis Report" option in "Analysis and Synthesis Settings -> More Settings" to "Off".


+--------------------------------------------------------------------------------------+
; Parameter Settings for User Entity Instance: dct16:dct16_1|shift_add16:shift_add16_1 ;
+----------------+-------+-------------------------------------------------------------+
; Parameter Name ; Value ; Type                                                        ;
+----------------+-------+-------------------------------------------------------------+
; WIDTH          ; 21    ; Signed Integer                                              ;
+----------------+-------+-------------------------------------------------------------+
Note: In order to hide this table in the UI and the text report file, please set the "Show Parameter Settings in Synthesis Report" option in "Analysis and Synthesis Settings -> More Settings" to "Off".


+------------------------------------------------------------------------+
; Parameter Settings for User Entity Instance: shift_add32:shift_add32_1 ;
+----------------+-------+-----------------------------------------------+
; Parameter Name ; Value ; Type                                          ;
+----------------+-------+-----------------------------------------------+
; WIDTH          ; 21    ; Signed Integer                                ;
+----------------+-------+-----------------------------------------------+
Note: In order to hide this table in the UI and the text report file, please set the "Show Parameter Settings in Synthesis Report" option in "Analysis and Synthesis Settings -> More Settings" to "Off".


+--------------------------------------------------------------------------------------------------------------------------------------------------------------------------------------------------------------+
; Port Connectivity Checks: "dct16:dct16_1|dct8puntos:dct8puntos_1|bloque:dct4puntos_1"                                                                                                                        ;
+------+-------+----------+------------------------------------------------------------------------------------------------------------------------------------------------------------------------------------+
; Port ; Type  ; Severity ; Details                                                                                                                                                                            ;
+------+-------+----------+------------------------------------------------------------------------------------------------------------------------------------------------------------------------------------+
; x0   ; Input ; Warning  ; Input port expression (21 bits) is wider than the input port (12 bits) it drives.  The 9 most-significant bit(s) in the expression will be dangling if they have no other fanouts. ;
; x1   ; Input ; Warning  ; Input port expression (21 bits) is wider than the input port (12 bits) it drives.  The 9 most-significant bit(s) in the expression will be dangling if they have no other fanouts. ;
; x2   ; Input ; Warning  ; Input port expression (21 bits) is wider than the input port (12 bits) it drives.  The 9 most-significant bit(s) in the expression will be dangling if they have no other fanouts. ;
; x3   ; Input ; Warning  ; Input port expression (21 bits) is wider than the input port (12 bits) it drives.  The 9 most-significant bit(s) in the expression will be dangling if they have no other fanouts. ;
+------+-------+----------+------------------------------------------------------------------------------------------------------------------------------------------------------------------------------------+


+---------------------------------------------------------------------------------------------------------------------------------------------------------------------------------------------------------------+
; Port Connectivity Checks: "dct16:dct16_1|dct8puntos:dct8puntos_1"                                                                                                                                             ;
+------+-------+----------+-------------------------------------------------------------------------------------------------------------------------------------------------------------------------------------+
; Port ; Type  ; Severity ; Details                                                                                                                                                                             ;
+------+-------+----------+-------------------------------------------------------------------------------------------------------------------------------------------------------------------------------------+
; x0   ; Input ; Warning  ; Input port expression (21 bits) is wider than the input port (11 bits) it drives.  The 10 most-significant bit(s) in the expression will be dangling if they have no other fanouts. ;
; x1   ; Input ; Warning  ; Input port expression (21 bits) is wider than the input port (11 bits) it drives.  The 10 most-significant bit(s) in the expression will be dangling if they have no other fanouts. ;
; x2   ; Input ; Warning  ; Input port expression (21 bits) is wider than the input port (11 bits) it drives.  The 10 most-significant bit(s) in the expression will be dangling if they have no other fanouts. ;
; x3   ; Input ; Warning  ; Input port expression (21 bits) is wider than the input port (11 bits) it drives.  The 10 most-significant bit(s) in the expression will be dangling if they have no other fanouts. ;
; x4   ; Input ; Warning  ; Input port expression (21 bits) is wider than the input port (11 bits) it drives.  The 10 most-significant bit(s) in the expression will be dangling if they have no other fanouts. ;
; x5   ; Input ; Warning  ; Input port expression (21 bits) is wider than the input port (11 bits) it drives.  The 10 most-significant bit(s) in the expression will be dangling if they have no other fanouts. ;
; x6   ; Input ; Warning  ; Input port expression (21 bits) is wider than the input port (11 bits) it drives.  The 10 most-significant bit(s) in the expression will be dangling if they have no other fanouts. ;
; x7   ; Input ; Warning  ; Input port expression (21 bits) is wider than the input port (11 bits) it drives.  The 10 most-significant bit(s) in the expression will be dangling if they have no other fanouts. ;
+------+-------+----------+-------------------------------------------------------------------------------------------------------------------------------------------------------------------------------------+


+---------------------------------------------------------------------------------------------------------------------------------------------------------------------------------------------------------------+
; Port Connectivity Checks: "dct16:dct16_1"                                                                                                                                                                     ;
+------+-------+----------+-------------------------------------------------------------------------------------------------------------------------------------------------------------------------------------+
; Port ; Type  ; Severity ; Details                                                                                                                                                                             ;
+------+-------+----------+-------------------------------------------------------------------------------------------------------------------------------------------------------------------------------------+
; x0   ; Input ; Warning  ; Input port expression (21 bits) is wider than the input port (10 bits) it drives.  The 11 most-significant bit(s) in the expression will be dangling if they have no other fanouts. ;
; x1   ; Input ; Warning  ; Input port expression (21 bits) is wider than the input port (10 bits) it drives.  The 11 most-significant bit(s) in the expression will be dangling if they have no other fanouts. ;
; x2   ; Input ; Warning  ; Input port expression (21 bits) is wider than the input port (10 bits) it drives.  The 11 most-significant bit(s) in the expression will be dangling if they have no other fanouts. ;
; x3   ; Input ; Warning  ; Input port expression (21 bits) is wider than the input port (10 bits) it drives.  The 11 most-significant bit(s) in the expression will be dangling if they have no other fanouts. ;
; x4   ; Input ; Warning  ; Input port expression (21 bits) is wider than the input port (10 bits) it drives.  The 11 most-significant bit(s) in the expression will be dangling if they have no other fanouts. ;
; x5   ; Input ; Warning  ; Input port expression (21 bits) is wider than the input port (10 bits) it drives.  The 11 most-significant bit(s) in the expression will be dangling if they have no other fanouts. ;
; x6   ; Input ; Warning  ; Input port expression (21 bits) is wider than the input port (10 bits) it drives.  The 11 most-significant bit(s) in the expression will be dangling if they have no other fanouts. ;
; x7   ; Input ; Warning  ; Input port expression (21 bits) is wider than the input port (10 bits) it drives.  The 11 most-significant bit(s) in the expression will be dangling if they have no other fanouts. ;
; x8   ; Input ; Warning  ; Input port expression (21 bits) is wider than the input port (10 bits) it drives.  The 11 most-significant bit(s) in the expression will be dangling if they have no other fanouts. ;
; x9   ; Input ; Warning  ; Input port expression (21 bits) is wider than the input port (10 bits) it drives.  The 11 most-significant bit(s) in the expression will be dangling if they have no other fanouts. ;
; x10  ; Input ; Warning  ; Input port expression (21 bits) is wider than the input port (10 bits) it drives.  The 11 most-significant bit(s) in the expression will be dangling if they have no other fanouts. ;
; x11  ; Input ; Warning  ; Input port expression (21 bits) is wider than the input port (10 bits) it drives.  The 11 most-significant bit(s) in the expression will be dangling if they have no other fanouts. ;
; x12  ; Input ; Warning  ; Input port expression (21 bits) is wider than the input port (10 bits) it drives.  The 11 most-significant bit(s) in the expression will be dangling if they have no other fanouts. ;
; x13  ; Input ; Warning  ; Input port expression (21 bits) is wider than the input port (10 bits) it drives.  The 11 most-significant bit(s) in the expression will be dangling if they have no other fanouts. ;
; x14  ; Input ; Warning  ; Input port expression (21 bits) is wider than the input port (10 bits) it drives.  The 11 most-significant bit(s) in the expression will be dangling if they have no other fanouts. ;
; x15  ; Input ; Warning  ; Input port expression (21 bits) is wider than the input port (10 bits) it drives.  The 11 most-significant bit(s) in the expression will be dangling if they have no other fanouts. ;
+------+-------+----------+-------------------------------------------------------------------------------------------------------------------------------------------------------------------------------------+


+-----------------------------------------------------+
; Post-Synthesis Netlist Statistics for Top Partition ;
+-----------------------+-----------------------------+
; Type                  ; Count                       ;
+-----------------------+-----------------------------+
; arriav_ff             ; 4105                        ;
;     ENA SCLR          ; 584                         ;
;     SCLR              ; 3517                        ;
;     plain             ; 4                           ;
; arriav_lcell_comb     ; 15847                       ;
;     arith             ; 2444                        ;
;         0 data inputs ; 1                           ;
;         1 data inputs ; 180                         ;
;         2 data inputs ; 2263                        ;
;     normal            ; 4                           ;
;         0 data inputs ; 1                           ;
;         2 data inputs ; 3                           ;
;     shared            ; 13399                       ;
;         0 data inputs ; 16                          ;
;         1 data inputs ; 68                          ;
;         2 data inputs ; 10566                       ;
;         3 data inputs ; 2749                        ;
; boundary_port         ; 963                         ;
;                       ;                             ;
; Max LUT depth         ; 46.70                       ;
; Average LUT depth     ; 25.27                       ;
+-----------------------+-----------------------------+


+-------------------------------+
; Elapsed Time Per Partition    ;
+----------------+--------------+
; Partition Name ; Elapsed Time ;
+----------------+--------------+
; Top            ; 00:00:08     ;
+----------------+--------------+


+-------------------------------+
; Analysis & Synthesis Messages ;
+-------------------------------+
Info: *******************************************************************
Info: Running Quartus Prime Analysis & Synthesis
    Info: Version 17.0.0 Build 595 04/25/2017 SJ Lite Edition
    Info: Processing started: Sun Nov 26 21:29:08 2017
Info: Command: quartus_map --read_settings_files=on --write_settings_files=off dct32 -c dct32
Warning (18236): Number of processors has not been specified which may cause overloading on shared machines.  Set the global assignment NUM_PARALLEL_PROCESSORS in your QSF to an appropriate value for best performance.
Info (20030): Parallel compilation is enabled and will use 2 of the 2 processors detected
Info (12021): Found 1 design units, including 1 entities, in source file dct32.v
    Info (12023): Found entity 1: dct32 File: C:/Users/Usuario/Documents/Tesis/codigo/Nov18_sabado/Nov24_3/dct32/dct32.v Line: 1
Info (12021): Found 1 design units, including 1 entities, in source file dct8puntos.v
    Info (12023): Found entity 1: dct8puntos File: C:/Users/Usuario/Documents/Tesis/codigo/Nov18_sabado/Nov24_3/dct32/dct8puntos.v Line: 1
Info (12021): Found 1 design units, including 1 entities, in source file dct16.v
    Info (12023): Found entity 1: dct16 File: C:/Users/Usuario/Documents/Tesis/codigo/Nov18_sabado/Nov24_3/dct32/dct16.v Line: 1
Info (12021): Found 1 design units, including 1 entities, in source file shift_add8.v
    Info (12023): Found entity 1: shift_add8 File: C:/Users/Usuario/Documents/Tesis/codigo/Nov18_sabado/Nov24_3/dct32/shift_add8.v Line: 1
Info (12021): Found 1 design units, including 1 entities, in source file shift_add16.v
    Info (12023): Found entity 1: shift_add16 File: C:/Users/Usuario/Documents/Tesis/codigo/Nov18_sabado/Nov24_3/dct32/shift_add16.v Line: 1
Info (12021): Found 1 design units, including 1 entities, in source file shift_add32.v
    Info (12023): Found entity 1: shift_add32 File: C:/Users/Usuario/Documents/Tesis/codigo/Nov18_sabado/Nov24_3/dct32/shift_add32.v Line: 1
Info (12021): Found 1 design units, including 1 entities, in source file bloque.v
    Info (12023): Found entity 1: bloque File: C:/Users/Usuario/Documents/Tesis/codigo/Nov18_sabado/Nov24_3/dct32/bloque.v Line: 1
Info (12021): Found 1 design units, including 1 entities, in source file dct32_test.v
    Info (12023): Found entity 1: dct32_test File: C:/Users/Usuario/Documents/Tesis/codigo/Nov18_sabado/Nov24_3/dct32/dct32_test.v Line: 2
Info (12127): Elaborating entity "dct32" for the top level hierarchy
Info (12128): Elaborating entity "dct16" for hierarchy "dct16:dct16_1" File: C:/Users/Usuario/Documents/Tesis/codigo/Nov18_sabado/Nov24_3/dct32/dct32.v Line: 221
Info (12128): Elaborating entity "dct8puntos" for hierarchy "dct16:dct16_1|dct8puntos:dct8puntos_1" File: C:/Users/Usuario/Documents/Tesis/codigo/Nov18_sabado/Nov24_3/dct32/dct16.v Line: 132
Info (12128): Elaborating entity "bloque" for hierarchy "dct16:dct16_1|dct8puntos:dct8puntos_1|bloque:dct4puntos_1" File: C:/Users/Usuario/Documents/Tesis/codigo/Nov18_sabado/Nov24_3/dct32/dct8puntos.v Line: 75
Warning (10230): Verilog HDL assignment warning at bloque.v(78): truncated value with size 27 to match size of target (21) File: C:/Users/Usuario/Documents/Tesis/codigo/Nov18_sabado/Nov24_3/dct32/bloque.v Line: 78
Warning (10230): Verilog HDL assignment warning at bloque.v(79): truncated value with size 27 to match size of target (21) File: C:/Users/Usuario/Documents/Tesis/codigo/Nov18_sabado/Nov24_3/dct32/bloque.v Line: 79
Warning (10230): Verilog HDL assignment warning at bloque.v(80): truncated value with size 26 to match size of target (21) File: C:/Users/Usuario/Documents/Tesis/codigo/Nov18_sabado/Nov24_3/dct32/bloque.v Line: 80
Warning (10230): Verilog HDL assignment warning at bloque.v(81): truncated value with size 27 to match size of target (21) File: C:/Users/Usuario/Documents/Tesis/codigo/Nov18_sabado/Nov24_3/dct32/bloque.v Line: 81
Warning (10230): Verilog HDL assignment warning at bloque.v(82): truncated value with size 27 to match size of target (21) File: C:/Users/Usuario/Documents/Tesis/codigo/Nov18_sabado/Nov24_3/dct32/bloque.v Line: 82
Warning (10230): Verilog HDL assignment warning at bloque.v(83): truncated value with size 26 to match size of target (21) File: C:/Users/Usuario/Documents/Tesis/codigo/Nov18_sabado/Nov24_3/dct32/bloque.v Line: 83
Info (12128): Elaborating entity "shift_add8" for hierarchy "dct16:dct16_1|dct8puntos:dct8puntos_1|shift_add8:shift_add8_1" File: C:/Users/Usuario/Documents/Tesis/codigo/Nov18_sabado/Nov24_3/dct32/dct8puntos.v Line: 147
Warning (10230): Verilog HDL assignment warning at shift_add8.v(63): truncated value with size 27 to match size of target (21) File: C:/Users/Usuario/Documents/Tesis/codigo/Nov18_sabado/Nov24_3/dct32/shift_add8.v Line: 63
Warning (10230): Verilog HDL assignment warning at shift_add8.v(65): truncated value with size 27 to match size of target (21) File: C:/Users/Usuario/Documents/Tesis/codigo/Nov18_sabado/Nov24_3/dct32/shift_add8.v Line: 65
Warning (10230): Verilog HDL assignment warning at shift_add8.v(67): truncated value with size 27 to match size of target (21) File: C:/Users/Usuario/Documents/Tesis/codigo/Nov18_sabado/Nov24_3/dct32/shift_add8.v Line: 67
Warning (10230): Verilog HDL assignment warning at shift_add8.v(69): truncated value with size 27 to match size of target (21) File: C:/Users/Usuario/Documents/Tesis/codigo/Nov18_sabado/Nov24_3/dct32/shift_add8.v Line: 69
Info (12128): Elaborating entity "shift_add16" for hierarchy "dct16:dct16_1|shift_add16:shift_add16_1" File: C:/Users/Usuario/Documents/Tesis/codigo/Nov18_sabado/Nov24_3/dct32/dct16.v Line: 256
Warning (10230): Verilog HDL assignment warning at shift_add16.v(104): truncated value with size 27 to match size of target (21) File: C:/Users/Usuario/Documents/Tesis/codigo/Nov18_sabado/Nov24_3/dct32/shift_add16.v Line: 104
Warning (10230): Verilog HDL assignment warning at shift_add16.v(106): truncated value with size 27 to match size of target (21) File: C:/Users/Usuario/Documents/Tesis/codigo/Nov18_sabado/Nov24_3/dct32/shift_add16.v Line: 106
Warning (10230): Verilog HDL assignment warning at shift_add16.v(108): truncated value with size 27 to match size of target (21) File: C:/Users/Usuario/Documents/Tesis/codigo/Nov18_sabado/Nov24_3/dct32/shift_add16.v Line: 108
Warning (10230): Verilog HDL assignment warning at shift_add16.v(110): truncated value with size 27 to match size of target (21) File: C:/Users/Usuario/Documents/Tesis/codigo/Nov18_sabado/Nov24_3/dct32/shift_add16.v Line: 110
Warning (10230): Verilog HDL assignment warning at shift_add16.v(112): truncated value with size 27 to match size of target (21) File: C:/Users/Usuario/Documents/Tesis/codigo/Nov18_sabado/Nov24_3/dct32/shift_add16.v Line: 112
Warning (10230): Verilog HDL assignment warning at shift_add16.v(114): truncated value with size 27 to match size of target (21) File: C:/Users/Usuario/Documents/Tesis/codigo/Nov18_sabado/Nov24_3/dct32/shift_add16.v Line: 114
Warning (10230): Verilog HDL assignment warning at shift_add16.v(116): truncated value with size 27 to match size of target (21) File: C:/Users/Usuario/Documents/Tesis/codigo/Nov18_sabado/Nov24_3/dct32/shift_add16.v Line: 116
Warning (10230): Verilog HDL assignment warning at shift_add16.v(118): truncated value with size 27 to match size of target (21) File: C:/Users/Usuario/Documents/Tesis/codigo/Nov18_sabado/Nov24_3/dct32/shift_add16.v Line: 118
Info (10008): Verilog HDL or VHDL information: EDA Netlist Writer cannot regroup multidimensional array "temp" into its bus
Info (10008): Verilog HDL or VHDL information: EDA Netlist Writer cannot regroup multidimensional array "temp_next" into its bus
Info (12128): Elaborating entity "shift_add32" for hierarchy "shift_add32:shift_add32_1" File: C:/Users/Usuario/Documents/Tesis/codigo/Nov18_sabado/Nov24_3/dct32/dct32.v Line: 443
Warning (10230): Verilog HDL assignment warning at shift_add32.v(161): truncated value with size 27 to match size of target (21) File: C:/Users/Usuario/Documents/Tesis/codigo/Nov18_sabado/Nov24_3/dct32/shift_add32.v Line: 161
Warning (10230): Verilog HDL assignment warning at shift_add32.v(163): truncated value with size 27 to match size of target (21) File: C:/Users/Usuario/Documents/Tesis/codigo/Nov18_sabado/Nov24_3/dct32/shift_add32.v Line: 163
Warning (10230): Verilog HDL assignment warning at shift_add32.v(165): truncated value with size 27 to match size of target (21) File: C:/Users/Usuario/Documents/Tesis/codigo/Nov18_sabado/Nov24_3/dct32/shift_add32.v Line: 165
Warning (10230): Verilog HDL assignment warning at shift_add32.v(167): truncated value with size 27 to match size of target (21) File: C:/Users/Usuario/Documents/Tesis/codigo/Nov18_sabado/Nov24_3/dct32/shift_add32.v Line: 167
Warning (10230): Verilog HDL assignment warning at shift_add32.v(170): truncated value with size 27 to match size of target (21) File: C:/Users/Usuario/Documents/Tesis/codigo/Nov18_sabado/Nov24_3/dct32/shift_add32.v Line: 170
Warning (10230): Verilog HDL assignment warning at shift_add32.v(172): truncated value with size 27 to match size of target (21) File: C:/Users/Usuario/Documents/Tesis/codigo/Nov18_sabado/Nov24_3/dct32/shift_add32.v Line: 172
Warning (10230): Verilog HDL assignment warning at shift_add32.v(174): truncated value with size 27 to match size of target (21) File: C:/Users/Usuario/Documents/Tesis/codigo/Nov18_sabado/Nov24_3/dct32/shift_add32.v Line: 174
Warning (10230): Verilog HDL assignment warning at shift_add32.v(176): truncated value with size 27 to match size of target (21) File: C:/Users/Usuario/Documents/Tesis/codigo/Nov18_sabado/Nov24_3/dct32/shift_add32.v Line: 176
Warning (10230): Verilog HDL assignment warning at shift_add32.v(178): truncated value with size 27 to match size of target (21) File: C:/Users/Usuario/Documents/Tesis/codigo/Nov18_sabado/Nov24_3/dct32/shift_add32.v Line: 178
Warning (10230): Verilog HDL assignment warning at shift_add32.v(180): truncated value with size 27 to match size of target (21) File: C:/Users/Usuario/Documents/Tesis/codigo/Nov18_sabado/Nov24_3/dct32/shift_add32.v Line: 180
Warning (10230): Verilog HDL assignment warning at shift_add32.v(182): truncated value with size 27 to match size of target (21) File: C:/Users/Usuario/Documents/Tesis/codigo/Nov18_sabado/Nov24_3/dct32/shift_add32.v Line: 182
Warning (10230): Verilog HDL assignment warning at shift_add32.v(184): truncated value with size 27 to match size of target (21) File: C:/Users/Usuario/Documents/Tesis/codigo/Nov18_sabado/Nov24_3/dct32/shift_add32.v Line: 184
Warning (10230): Verilog HDL assignment warning at shift_add32.v(186): truncated value with size 27 to match size of target (21) File: C:/Users/Usuario/Documents/Tesis/codigo/Nov18_sabado/Nov24_3/dct32/shift_add32.v Line: 186
Warning (10230): Verilog HDL assignment warning at shift_add32.v(188): truncated value with size 27 to match size of target (21) File: C:/Users/Usuario/Documents/Tesis/codigo/Nov18_sabado/Nov24_3/dct32/shift_add32.v Line: 188
Warning (10230): Verilog HDL assignment warning at shift_add32.v(190): truncated value with size 27 to match size of target (21) File: C:/Users/Usuario/Documents/Tesis/codigo/Nov18_sabado/Nov24_3/dct32/shift_add32.v Line: 190
Warning (10230): Verilog HDL assignment warning at shift_add32.v(192): truncated value with size 27 to match size of target (21) File: C:/Users/Usuario/Documents/Tesis/codigo/Nov18_sabado/Nov24_3/dct32/shift_add32.v Line: 192
Info (10008): Verilog HDL or VHDL information: EDA Netlist Writer cannot regroup multidimensional array "temp" into its bus
Info (10008): Verilog HDL or VHDL information: EDA Netlist Writer cannot regroup multidimensional array "temp_next" into its bus
Warning (12241): 3 hierarchies have connectivity warnings - see the Connectivity Checks report folder
Warning (13024): Output pins are stuck at VCC or GND
    Warning (13410): Pin "y0[0]" is stuck at GND File: C:/Users/Usuario/Documents/Tesis/codigo/Nov18_sabado/Nov24_3/dct32/dct32.v Line: 44
    Warning (13410): Pin "y0[1]" is stuck at GND File: C:/Users/Usuario/Documents/Tesis/codigo/Nov18_sabado/Nov24_3/dct32/dct32.v Line: 44
    Warning (13410): Pin "y0[2]" is stuck at GND File: C:/Users/Usuario/Documents/Tesis/codigo/Nov18_sabado/Nov24_3/dct32/dct32.v Line: 44
    Warning (13410): Pin "y0[3]" is stuck at GND File: C:/Users/Usuario/Documents/Tesis/codigo/Nov18_sabado/Nov24_3/dct32/dct32.v Line: 44
    Warning (13410): Pin "y0[4]" is stuck at GND File: C:/Users/Usuario/Documents/Tesis/codigo/Nov18_sabado/Nov24_3/dct32/dct32.v Line: 44
    Warning (13410): Pin "y0[5]" is stuck at GND File: C:/Users/Usuario/Documents/Tesis/codigo/Nov18_sabado/Nov24_3/dct32/dct32.v Line: 44
    Warning (13410): Pin "y16[0]" is stuck at GND File: C:/Users/Usuario/Documents/Tesis/codigo/Nov18_sabado/Nov24_3/dct32/dct32.v Line: 60
    Warning (13410): Pin "y16[1]" is stuck at GND File: C:/Users/Usuario/Documents/Tesis/codigo/Nov18_sabado/Nov24_3/dct32/dct32.v Line: 60
    Warning (13410): Pin "y16[2]" is stuck at GND File: C:/Users/Usuario/Documents/Tesis/codigo/Nov18_sabado/Nov24_3/dct32/dct32.v Line: 60
    Warning (13410): Pin "y16[3]" is stuck at GND File: C:/Users/Usuario/Documents/Tesis/codigo/Nov18_sabado/Nov24_3/dct32/dct32.v Line: 60
    Warning (13410): Pin "y16[4]" is stuck at GND File: C:/Users/Usuario/Documents/Tesis/codigo/Nov18_sabado/Nov24_3/dct32/dct32.v Line: 60
Info (286030): Timing-Driven Synthesis is running
Info (144001): Generated suppressed messages file C:/Users/Usuario/Documents/Tesis/codigo/Nov18_sabado/Nov24_3/dct32/output_files/dct32.map.smsg
Info (16010): Generating hard_block partition "hard_block:auto_generated_inst"
    Info (16011): Adding 0 node(s), including 0 DDIO, 0 PLL, 0 transceiver and 0 LCELL
Info (21057): Implemented 19666 device resources after synthesis - the final resource count might be different
    Info (21058): Implemented 291 input pins
    Info (21059): Implemented 672 output pins
    Info (21061): Implemented 18703 logic cells
Info: Quartus Prime Analysis & Synthesis was successful. 0 errors, 48 warnings
    Info: Peak virtual memory: 814 megabytes
    Info: Processing ended: Sun Nov 26 21:29:37 2017
    Info: Elapsed time: 00:00:29
    Info: Total CPU time (on all processors): 00:00:42


+------------------------------------------+
; Analysis & Synthesis Suppressed Messages ;
+------------------------------------------+
The suppressed messages can be found in C:/Users/Usuario/Documents/Tesis/codigo/Nov18_sabado/Nov24_3/dct32/output_files/dct32.map.smsg.


